// Jest Snapshot v1, https://goo.gl/fbAQLP

exports[`kif-parser same at first fork 1`] = `{"header":{},"moves":[{},{"move":{"piece":"FU","to":{"x":7,"y":6},"from":{"x":7,"y":7}},"time":{"now":{"m":0,"s":0},"total":{"h":0,"m":0,"s":0}}},{"move":{"piece":"FU","to":{"x":3,"y":4},"from":{"x":3,"y":3}},"time":{"now":{"m":0,"s":0},"total":{"h":0,"m":0,"s":0}}},{"move":{"piece":"FU","to":{"x":2,"y":6},"from":{"x":2,"y":7}},"time":{"now":{"m":0,"s":0},"total":{"h":0,"m":0,"s":0}},"forks":[[{"move":{"piece":"KA","to":{"x":2,"y":2},"promote":true,"from":{"x":8,"y":8}},"time":{"now":{"m":0,"s":0},"total":{"h":0,"m":0,"s":0}}},{"move":{"piece":"GI","same":true,"from":{"x":3,"y":1}},"time":{"now":{"m":0,"s":0},"total":{"h":0,"m":0,"s":0}},"forks":[[{"move":{"piece":"HI","same":true,"from":{"x":8,"y":2}},"time":{"now":{"m":0,"s":0},"total":{"h":0,"m":0,"s":0}}},{"special":"CHUDAN","time":{"now":{"m":0,"s":0},"total":{"h":0,"m":0,"s":0}}}]]},{"special":"CHUDAN","time":{"now":{"m":0,"s":0},"total":{"h":0,"m":0,"s":0}}}]]},{"special":"CHUDAN","time":{"now":{"m":0,"s":0},"total":{"h":0,"m":0,"s":0}}}]}`;
